Fill in the relevant information on this test
Date: 26 Feb 2014
Input file: eleven_input.txt
Source: 
Centering: DNA - binary data to begin with
Normalization: DNA - binary data to begin with
Stripping: DNA - binary data to begin with
No of rows:    11
No of cols:    73
Support threshold:     3
Deficit tolerance:     1
Support threshold for ternary:     3
Deficit tolerance for ternary:     1
Limits on target:     1   73
density of matrix     85   803   0.1059
 
RESULTS
  29 equivalent 
equiv cols     1    2    3    5    6    7    8    9   10   11   12   13   14   15   16
equiv cols    17   18   19   20   21   22   23   24   25   26   27   28   29   30
on samples     1
   2 equivalent 
equiv cols    31   32
on samples     2
   3 equivalent 
equiv cols    34   35   36
on samples     3
   8 equivalent 
equiv cols    37   38   41   43   44   45   46   47
on samples     4
  10 equivalent 
equiv cols    50   51   52   53   54   55   56   57   58   59
on samples     6
   4 equivalent 
equiv cols    60   61   62   63
on samples     7
   6 equivalent 
equiv cols    64   65   66   67   68   69
on samples     9
   3 equivalent 
equiv cols    71   72   73
on samples    11
   40 ->   39 sup/def/dif   3  1  2
on samples     4    5    6
def on samples      8
   39 ->   40 sup/def/dif   3  0  3
on samples     4    5    6
def on samples  
   49 ->   40 sup/def/dif   3  1  2
on samples     5    6    8
def on samples     11
   40 ->   49 sup/def/dif   3  1  2
on samples     5    6    8
def on samples      4
    reducible column    37
meetands    39   40   42
    reducible column    60
meetands    33   42
    LOOSE SUMMARY 
  29 loose equivalent 
loose equiv cols     1    2    3    5    6    7    8    9   10   11   12   13   14   15   16
loose equiv cols    17   18   19   20   21   22   23   24   25   26   27   28   29   30
   2 loose equivalent 
loose equiv cols    31   32
   3 loose equivalent 
loose equiv cols    34   35   36
   2 loose equivalent 
loose equiv cols    39   40
  10 loose equivalent 
loose equiv cols    50   51   52   53   54   55   56   57   58   59
   6 loose equivalent 
loose equiv cols    64   65   66   67   68   69
   3 loose equivalent 
loose equiv cols    71   72   73
density of matrix     85   803   0.1059
